File: C:\Users\刘禹含\Desktop\RAG-工单04\data\raw\招股说明书2.pdf
Exists: True
Pages: 350
Page249 text len: 1031

--- Page 249 images ---
Total: 15
  img1: 143x127 @(50,19)
  img2: 143x127 @(50,184)
  img3: 143x127 @(50,349)
  img4: 143x127 @(50,514)
  img5: 143x127 @(50,679)
  img6: 143x127 @(273,19)
  img7: 143x127 @(273,184)
  img8: 143x127 @(273,349)
  img9: 143x127 @(273,514)
  img10: 143x127 @(273,679)
  img11: 143x127 @(496,19)
  img12: 143x127 @(496,184)
  img13: 143x127 @(496,349)
  img14: 143x127 @(496,514)
  img15: 143x127 @(496,679)
Large images on page 249: 0/15

--- Nearby pages ---
Page246: 15imgs, 0large, text: 武汉力源信息技术股份有限公司 招股意向书
收入 合 计 19,523.16 20.00 19,503.16
总 计 135,734,454.31 102,547,298.89 33,187,155.4
Page247: 15imgs, 0large, text: 武汉力源信息技术股份有限公司 招股意向书
(二)越权审批，或无正式批准文件，或偶 -- -- -- 2,838,669.28
发性的税收返还、减免
(三)计入当期损益的政府补助，但与公司 -- -- 
Page248: 15imgs, 0large, text: 武汉力源信息技术股份有限公司 招股意向书
上述事项的所得税影响金额 -- 35.40 1,760.45 --
少数股东影响数 -- -- -- --
归属于公司普通股股东的非经常性损益 -- 200.
Page249: 15imgs, 0large, text: 武汉力源信息技术股份有限公司 招股意向书
⑧ 每股经营活动现金流量=经营活动产生的现金流量净额/期末股本总额
⑨ 每股净现金流量=现金流量净额/期末股本总额
⑩ 归属于发行人股东的每股净资产=期末归属
Page250: 15imgs, 0large, text: 武汉力源信息技术股份有限公司 招股意向书
净利润；S 为发行在外的普通股加权平均数；S 为期初股份总数；S 为报告期因公积金转增
0 1
股本或股票股利分配等增加股份数；S 为报告期因发行新股或债转股
Page251: 15imgs, 0large, text: 武汉力源信息技术股份有限公司 招股意向书
十、发行人历次验资情况及设立时投入资产的计量属性
(一)本公司历次验资情况
有限公司设立以来，共进行过六次验资，具体情况如下：
1、2001年8月力源服务设立
Page252: 15imgs, 0large, text: 武汉力源信息技术股份有限公司 招股意向书
“根据有关协议、章程的规定和武汉力源信息技术服务有限公司股东会
2004年11月18日决议，贵公司(筹)申请登记的注册资本为人民币1360万元，
由发起人赵依
Page253: 15imgs, 0large, text: 武汉力源信息技术股份有限公司 招股意向书
2007年12月27日，大信所出具了大信验字(2007)第0085号《验资报告》，
对力源有限截至 2007 年 12 月 27 日的新增注册资本实收情况进行

--- Pages with VLM (108,110,115,117) ---
Page108: 16imgs, 1large
   img: 415x467
Page110: 16imgs, 1large
   img: 415x500
Page115: 16imgs, 1large
   img: 415x387
Page117: 16imgs, 1large
   img: 383x539
Done
