Page86: 540 images

Unique sizes:
  0x0: 170 images 
  10x0: 1 images 
  11x0: 1 images 
  12x0: 1 images 
  138x0: 169 images 
  139x0: 1 images 
  13x0: 1 images 
  143x127: 15 images 
  14x0: 1 images 
  15x0: 1 images 
  16x0: 1 images 
  1x0: 3 images 
  211x0: 122 images 
  225x0: 2 images 
  225x37: 1 images 
  226x0: 2 images 
  227x0: 5 images 
  228x0: 2 images 
  229x0: 2 images 
  230x0: 2 images 
  231x0: 2 images 
  231x18: 1 images 
  232x0: 2 images 
  233x0: 2 images 
  234x0: 2 images 
  235x0: 2 images 
  236x0: 2 images 
  237x0: 2 images 
  238x0: 2 images 
  239x0: 4 images 
  240x0: 2 images 
  241x0: 1 images 
  242x0: 1 images 
  243x0: 3 images 
  283x174: 1 images 
  2x0: 1 images 
  3x0: 1 images 
  4x0: 1 images 
  5x0: 1 images 
  6x0: 1 images 
  7x0: 1 images 
  8x0: 1 images 
  9x0: 1 images 

Total large images: 0
Done
